<html>
<body>
<pre>
<h1>µVision Build Log</h1>
<h2>Tool Versions:</h2>
IDE-Version: ¦ÌVision V5.39.0.0
Copyright (C) 2023 ARM Ltd and ARM Germany GmbH. All rights reserved.
License Information: 11 Administrator, 11, LIC=EXJT4-FJPR2-KPWZY-IB60T-SC4LV-KMJ1Q
 
Tool Versions:
Toolchain:       MDK-ARM Plus  Version: 5.39.0.0
Toolchain Path:  D:\Keil_v5\ARM\ARMCLANG\Bin
C Compiler:      ArmClang.exe V6.21
Assembler:       Armasm.exe V6.21
Linker/Locator:  ArmLink.exe V6.21
Library Manager: ArmAr.exe V6.21
Hex Converter:   FromElf.exe V6.21
CPU DLL:         SARMCM3.DLL V5.39.0.0
Dialog DLL:      DCM.DLL V1.17.5.0
Target DLL:      STLink\ST-LINKIII-KEIL_SWO.dll V3.2.0.0
Dialog DLL:      TCM.DLL V1.56.4.0
 
<h2>Project:</h2>
E:\keil\Test_CAN\MDK-ARM\Test_CAN.uvprojx
Project File Date:  08/09/2024

<h2>Output:</h2>
*** Using Compiler 'V6.21', folder: 'D:\Keil_v5\ARM\ARMCLANG\Bin'
Rebuild target 'Test_CAN'
compiling stm32g4xx_it.c...
compiling stm32g4xx_hal_msp.c...
compiling gpio.c...
compiling fdcan.c...
compiling stm32g4xx_hal_rcc.c...
compiling stm32g4xx_hal_rcc_ex.c...
compiling main.c...
compiling stm32g4xx_hal_fdcan.c...
compiling usart.c...
compiling stm32g4xx_hal.c...
compiling stm32g4xx_hal_gpio.c...
compiling stm32g4xx_hal_cortex.c...
compiling stm32g4xx_hal_pwr_ex.c...
compiling stm32g4xx_hal_flash_ex.c...
compiling stm32g4xx_hal_flash_ramfunc.c...
compiling stm32g4xx_hal_exti.c...
compiling stm32g4xx_hal_dma_ex.c...
compiling stm32g4xx_hal_dma.c...
compiling stm32g4xx_hal_flash.c...
assembling startup_stm32g431xx.s...
compiling stm32g4xx_hal_pwr.c...
FDCanDrv.c(91): warning: incompatible pointer types passing 'uint16_t *' (aka 'unsigned short *') to parameter of type 'const uint8_t *' (aka 'const unsigned char *') [-Wincompatible-pointer-types]
   91 |     if (HAL_FDCAN_AddMessageToTxFifoQ(&hfdcan1, &TxHeader, pTxData) != HAL_OK)
      |                                                            ^~~~~~~
../Drivers/STM32G4xx_HAL_Driver/Inc\stm32g4xx_hal_fdcan.h(1211): note: passing argument to parameter 'pTxData' here
 1211 |                                                 const uint8_t *pTxData);
      |                                                                ^
FDCanDrv.c(95): warning: non-void function does not return a value [-Wreturn-type]
   95 | }
      | ^
FDCanDrv.c(109): warning: incompatible pointer types passing 'uint8_t[5]' (aka 'unsigned char[5]') to parameter of type 'uint16_t *' (aka 'unsigned short *') [-Wincompatible-pointer-types]
  109 |     Send_FDCANTx(FDCAN_DLC_BYTES_5, command_list);
      |                                     ^~~~~~~~~~~~
FDCanDrv.c(87): note: passing argument to parameter 'pTxData' here
   87 | uint16_t Send_FDCANTx(uint32_t DataLength, uint16_t *pTxData)
      |                                                      ^
FDCanDrv.c(122): warning: incompatible pointer types passing 'uint8_t[5]' (aka 'unsigned char[5]') to parameter of type 'uint16_t *' (aka 'unsigned short *') [-Wincompatible-pointer-types]
  122 |     Send_FDCANTx(FDCAN_DLC_BYTES_5, command_list);
      |                                     ^~~~~~~~~~~~
FDCanDrv.c(87): note: passing argument to parameter 'pTxData' here
   87 | uint16_t Send_FDCANTx(uint32_t DataLength, uint16_t *pTxData)
      |                                                      ^
4 warnings generated.
compiling FDCanDrv.c...
compiling stm32g4xx_hal_usart_ex.c...
compiling stm32g4xx_hal_usart.c...
compiling system_stm32g4xx.c...
compiling stm32g4xx_hal_uart_ex.c...
compiling stm32g4xx_hal_tim.c...
compiling stm32g4xx_hal_tim_ex.c...
compiling stm32g4xx_hal_uart.c...
linking...
Program Size: Code=17332 RO-data=628 RW-data=36 ZI-data=1620  
FromELF: creating hex file...
"Test_CAN\Test_CAN.axf" - 0 Error(s), 4 Warning(s).

<h2>Software Packages used:</h2>

Package Vendor: ARM
                http://www.keil.com/pack/ARM.CMSIS.5.9.0.pack
                ARM::CMSIS@5.9.0
                CMSIS (Common Microcontroller Software Interface Standard)
   * Component: CORE Version: 5.6.0

Package Vendor: Keil
                http://www.keil.com/pack/Keil.STM32G4xx_DFP.1.1.0.pack
                Keil::STM32G4xx_DFP@1.1.0
                STMicroelectronics STM32G4 Series Device Support, Drivers and Examples

<h2>Collection of Component include folders:</h2>
  ./RTE/_Test_CAN
  D:/Users/Administrator/AppData/Local/Arm/Packs/ARM/CMSIS/5.9.0/CMSIS/Core/Include
  D:/Users/Administrator/AppData/Local/Arm/Packs/Keil/STM32G4xx_DFP/1.1.0/Drivers/CMSIS/Device/ST/STM32G4xx/Include

<h2>Collection of Component Files used:</h2>

   * Component: ARM::CMSIS:CORE@5.6.0
      Include file:  CMSIS/Core/Include/tz_context.h
Build Time Elapsed:  00:00:02
</pre>
</body>
</html>
